<html>
<body>
<pre>
<h1>礦ision Build Log</h1>
<h2>Tool Versions:</h2>
IDE-Version: μVision V5.23.0.0
Copyright (C) 2017 ARM Ltd and ARM Germany GmbH. All rights reserved.
License Information: ye xiaopeng, HL, LIC=6XJFW-QAQ6S-AUH4J-UF3C5-XSR4L-VHYCC
 
Tool Versions:
Toolchain:       MDK-ARM Professional  Version: 5.23
Toolchain Path:  C:\Soft\Keil_v5_B\ARM\ARMCC\Bin
C Compiler:      Armcc.exe V5.06 update 4 (build 422)
Assembler:       Armasm.exe V5.06 update 4 (build 422)
Linker/Locator:  ArmLink.exe V5.06 update 4 (build 422)
Library Manager: ArmAr.exe V5.06 update 4 (build 422)
Hex Converter:   FromElf.exe V5.06 update 4 (build 422)
CPU DLL:         SARMCM3.DLL V5.23
Dialog DLL:      DCM.DLL V1.15.0.0
Target DLL:      Segger\JL2CM3.dll V2.99.23.0
Dialog DLL:      TCM.DLL V1.27.0.0
 
<h2>Project:</h2>
E:\workPlaces\workplaces\STM32_Pro\github\Gateway_F103RC_Keil_v5_Pro\Project\Gateway_F103RC_Keil_v5_Pro.uvprojx
Project File Date:  08/27/2017

<h2>Output:</h2>
*** Using Compiler 'V5.06 update 4 (build 422)', folder: 'C:\Soft\Keil_v5_B\ARM\ARMCC\Bin'
Build target 'Target 1'
compiling main.c...
..\Driver\inc\bsp_gsm_usart.h(34): warning:  #1295-D: Deprecated declaration GetIsReceiveGsmData - give arg types
  extern u8 GetIsReceiveGsmData();
..\Driver\inc\bsp_SysTick.h(11): warning:  #1-D: last line of file ends without a newline
  #endif /* __SYSTICK_H */
..\Driver\inc\bsp_gsm_gprs.h(94): warning:  #1295-D: Deprecated declaration gsm_gprs_Get_SignalStrength - give arg types
  extern u8  gsm_gprs_Get_SignalStrength();
..\Driver\inc\bsp_gsm_gprs.h(138): warning:  #1-D: last line of file ends without a newline
  #endif
..\Driver\inc\bsp_protocol.h(78): warning:  #1295-D: Deprecated declaration Gsm_DealwithServerNetProtocolData - give arg types
  extern void Gsm_DealwithServerNetProtocolData();
..\Driver\inc\bsp_Flash.h(19): warning:  #1295-D: Deprecated declaration FLASH_Check - give arg types
  extern void FLASH_Check();
..\User\main.c(49): warning:  #223-D: function "Start_Led_Init" declared implicitly
  	Start_Led_Init();
..\User\main.c(61): warning:  #223-D: function "Work_Led_Open" declared implicitly
  	Work_Led_Open(); 
..\User\main.c(78): warning:  #167-D: argument of type "u8 *" is incompatible with parameter of type "char *"
  				FLASH_USART_ConfigDeviceParameter(usart_1_Buff,71);
..\User\main.c(79): warning:  #223-D: function "Clear_Usart1_Rec" declared implicitly
  				Clear_Usart1_Rec();
..\User\main.c(82): warning:  #223-D: function "Gprs_Led_Close" declared implicitly
  				Gprs_Led_Close();
..\User\main.c(125): warning:  #223-D: function "SetDeviceAddr" declared implicitly
  	SetDeviceAddr(deviceId);
..\User\main.c(150): warning:  #223-D: function "gsm_init" declared implicitly
  	 while( gsm_init()!= GSM_TRUE){
..\User\main.c(177): warning:  #223-D: function "IsInsertCard" declared implicitly
  	while(IsInsertCard() != GSM_TRUE)
..\User\main.c(258): warning:  #167-D: argument of type "u8 *" is incompatible with parameter of type "char *"
  				FLASH_USART_ConfigDeviceParameter(usart_1_Buff,71);
..\User\main.c(259): warning:  #223-D: function "Clear_Usart1_Rec" declared implicitly
  				Clear_Usart1_Rec();
..\User\main.c(275): warning:  #111-D: statement is unreachable
  		GSM_PWRKEY_Open();
..\User\main.c(285): warning:  #223-D: function "Gprs_Led_Open" declared implicitly
  	Gprs_Led_Open();
..\User\main.c(291): warning:  #223-D: function "Gsm_SendNetDataPackToServer" declared implicitly
  	Gsm_SendNetDataPackToServer(HeartBeatFunctionType,0,0);
..\User\main.c(349): warning:  #167-D: argument of type "u8 *" is incompatible with parameter of type "char *"
  				FLASH_USART_ConfigDeviceParameter(usart_1_Buff,71);
..\User\main.c(350): warning:  #223-D: function "Clear_Usart1_Rec" declared implicitly
  				Clear_Usart1_Rec();
..\User\main.c(354): warning:  #223-D: function "Gprs_Led_Close" declared implicitly
  				Gprs_Led_Close();
..\User\main.c: 22 warnings, 0 errors
compiling stm32f10x_it.c...
..\Driver\inc\bsp_SysTick.h(11): warning:  #1-D: last line of file ends without a newline
  #endif /* __SYSTICK_H */
..\Driver\inc\bsp_gsm_usart.h(34): warning:  #1295-D: Deprecated declaration GetIsReceiveGsmData - give arg types
  extern u8 GetIsReceiveGsmData();
..\Driver\inc\bsp_gsm_gprs.h(94): warning:  #1295-D: Deprecated declaration gsm_gprs_Get_SignalStrength - give arg types
  extern u8  gsm_gprs_Get_SignalStrength();
..\Driver\inc\bsp_gsm_gprs.h(138): warning:  #1-D: last line of file ends without a newline
  #endif
..\User\stm32f10x_it.c: 4 warnings, 0 errors
compiling bsp_gsm_gprs.c...
..\Driver\inc\bsp_SysTick.h(11): warning:  #1-D: last line of file ends without a newline
  #endif /* __SYSTICK_H */
..\Driver\inc\bsp_gsm_usart.h(34): warning:  #1295-D: Deprecated declaration GetIsReceiveGsmData - give arg types
  extern u8 GetIsReceiveGsmData();
..\Driver\inc\bsp_gsm_gprs.h(94): warning:  #1295-D: Deprecated declaration gsm_gprs_Get_SignalStrength - give arg types
  extern u8  gsm_gprs_Get_SignalStrength();
..\Driver\inc\bsp_gsm_gprs.h(138): warning:  #1-D: last line of file ends without a newline
  #endif
..\Driver\src\bsp_gsm_gprs.c: 4 warnings, 0 errors
compiling bsp_protocol.c...
..\Driver\inc\bsp_protocol.h(78): warning:  #1295-D: Deprecated declaration Gsm_DealwithServerNetProtocolData - give arg types
  extern void Gsm_DealwithServerNetProtocolData();
..\Driver\inc\bsp_SysTick.h(11): warning:  #1-D: last line of file ends without a newline
  #endif /* __SYSTICK_H */
..\Driver\inc\bsp_gsm_usart.h(34): warning:  #1295-D: Deprecated declaration GetIsReceiveGsmData - give arg types
  extern u8 GetIsReceiveGsmData();
..\Driver\inc\bsp_gsm_gprs.h(94): warning:  #1295-D: Deprecated declaration gsm_gprs_Get_SignalStrength - give arg types
  extern u8  gsm_gprs_Get_SignalStrength();
..\Driver\inc\bsp_gsm_gprs.h(138): warning:  #1-D: last line of file ends without a newline
  #endif
..\Driver\src\bsp_protocol.c(44): warning:  #1295-D: Deprecated declaration ConfigFunctionTypeResponseManager - give arg types
  extern  void ConfigFunctionTypeResponseManager();
..\Driver\src\bsp_protocol.c(386): warning:  #223-D: function "FLASH_WriteIpConfig" declared implicitly
  	FLASH_WriteIpConfig(ip, port);
..\Driver\src\bsp_protocol.c(415): warning:  #177-D: variable "i"  was declared but never referenced
  	u8 i; 
..\Driver\src\bsp_protocol.c(15): warning:  #550-D: variable "dataBuffLength"  was set but never used
  static u16 dataBuffLength;//数据包长度
..\Driver\src\bsp_protocol.c(53): warning:  #177-D: function "Gsm_ClearData"  was declared but never referenced
  static void Gsm_ClearData(){
..\Driver\src\bsp_protocol.c: 10 warnings, 0 errors
linking...
Program Size: Code=11912 RO-data=404 RW-data=112 ZI-data=2440  
FromELF: creating hex file...
"..\Output\F10_Keil_v5_Pro.axf" - 0 Error(s), 40 Warning(s).

<h2>Collection of Component include folders:</h2>
  .\RTE\_Target_1
  C:\Soft\Keil_v5_B\ARM\PACK\Keil\STM32F1xx_DFP\2.1.0\Device\Include

<h2>Collection of Component Files used:</h2>
Build Time Elapsed:  00:00:03
</pre>
</body>
</html>
